#-----------------------------------------------------------
# Vivado v2024.2 (64-bit)
# SW Build 5239630 on Fri Nov 08 22:35:27 MST 2024
# IP Build 5239520 on Sun Nov 10 16:12:51 MST 2024
# SharedData Build 5239561 on Fri Nov 08 14:39:27 MST 2024
# Start of session at: Wed May  7 23:36:42 2025
# Process ID         : 14000
# Current directory  : C:/Users/Wyatt/Documents/Vivado/OTTER_MCU_Pipeline/OTTER_MCU.runs/impl_1
# Command line       : vivado.exe -log OTTER_Wrapper.vdi -applog -product Vivado -messageDb vivado.pb -mode batch -source OTTER_Wrapper.tcl -notrace
# Log file           : C:/Users/Wyatt/Documents/Vivado/OTTER_MCU_Pipeline/OTTER_MCU.runs/impl_1/OTTER_Wrapper.vdi
# Journal file       : C:/Users/Wyatt/Documents/Vivado/OTTER_MCU_Pipeline/OTTER_MCU.runs/impl_1\vivado.jou
# Running On         : MSI
# Platform           : Windows Server 2016 or Windows 10
# Operating System   : 26100
# Processor Detail   : Intel(R) Core(TM) i5-10300H CPU @ 2.50GHz
# CPU Frequency      : 2496 MHz
# CPU Physical cores : 4
# CPU Logical cores  : 8
# Host memory        : 8403 MB
# Swap memory        : 18253 MB
# Total Virtual      : 26656 MB
# Available Virtual  : 5549 MB
#-----------------------------------------------------------
source OTTER_Wrapper.tcl -notrace
